2026-09-30T04:10:35.035Z $ soup doctor
2026-09-30T04:10:35.761Z Soup Doctor - checking your environment...
2026-09-30T04:10:35.762Z 
2026-09-30T04:10:35.763Z ╭─────────────────────────────────── System ───────────────────────────────────╮
2026-09-30T04:10:35.764Z │ Python:   3.13.15                                                            │
2026-09-30T04:10:35.764Z │ Platform: Linux 6.6.122+                                                     │
2026-09-30T04:10:35.764Z │ Arch:     x86_64                                                             │
2026-09-30T04:10:35.765Z │ `soup` runs under /usr/bin/python3; `python` on your PATH is                 │
2026-09-30T04:10:35.765Z │ /usr/local/bin/python. site-packages may differ — for any `python -c` check  │
2026-09-30T04:10:35.765Z │ use the soup interpreter explicitly.                                         │
2026-09-30T04:10:35.766Z ╰──────────────────────────────────────────────────────────────────────────────╯
2026-09-30T04:10:37.576Z ╭──────────────────────────────────── GPU ─────────────────────────────────────╮
2026-09-30T04:10:37.577Z │ CUDA:     available (v12.8)                                                  │
2026-09-30T04:10:37.578Z │ GPUs:     1                                                                  │
2026-09-30T04:10:37.580Z │   GPU 0: Tesla T4 (14.6 GB)                                                  │
2026-09-30T04:10:37.582Z ╰──────────────────────────────────────────────────────────────────────────────╯
2026-09-30T04:10:37.592Z     System Resources     
2026-09-30T04:10:37.592Z ┏━━━━━━━━━━┳━━━━━━━━━━━━┓
2026-09-30T04:10:37.594Z ┃ Resource ┃ Value      ┃
2026-09-30T04:10:37.596Z ┡━━━━━━━━━━╇━━━━━━━━━━━━┩
2026-09-30T04:10:37.597Z │ RAM      │ 13 GB      │
2026-09-30T04:10:37.598Z │ Disk     │ 65 GB free │
2026-09-30T04:10:37.600Z └──────────┴────────────┘
2026-09-30T04:10:37.601Z 
2026-09-30T04:10:49.666Z                               Dependencies                              
2026-09-30T04:10:49.668Z ┏━━━━━━━━━━━━━━┳━━━━━━━━━━┳━━━━━━━━━━━━━━┳━━━━━━━━━━━━━┳━━━━━━━━━━━━━━━┓
2026-09-30T04:10:49.670Z ┃ Package      ┃ Required ┃  Installed   ┃ Min Version ┃ Status        ┃
2026-09-30T04:10:49.671Z ┡━━━━━━━━━━━━━━╇━━━━━━━━━━╇━━━━━━━━━━━━━━╇━━━━━━━━━━━━━╇━━━━━━━━━━━━━━━┩
2026-09-30T04:10:49.673Z │ pydantic     │   yes    │    2.13.5    │ >=2.0.0     │ OK            │
2026-09-30T04:10:49.676Z │ typer        │   yes    │    0.20.1    │ >=0.9.0     │ OK            │
2026-09-30T04:10:49.677Z │ rich         │   yes    │    13.9.4    │ >=13.0.0    │ OK            │
2026-09-30T04:10:49.678Z │ pyyaml       │   yes    │    6.0.3     │ >=6.0       │ OK            │
2026-09-30T04:10:49.680Z │ plotext      │   yes    │    6.1.0     │ >=5.2.0     │ OK            │
2026-09-30T04:10:49.681Z │ fastapi      │ optional │   0.141.1    │ >=0.104.0   │ OK            │
2026-09-30T04:10:49.683Z │ uvicorn      │ optional │    0.52.4    │ >=0.24.0    │ OK            │
2026-09-30T04:10:49.684Z │ datasketch   │ optional │      -       │ >=1.6.0     │ not installed │
2026-09-30T04:10:49.685Z │ lm-eval      │ optional │      -       │ >=0.4.0     │ not installed │
2026-09-30T04:10:49.686Z │ wandb        │ optional │    0.28.1    │ >=0.15.0    │ OK            │
2026-09-30T04:10:49.688Z │ deepspeed    │ optional │      -       │ >=0.12.0    │ not installed │
2026-09-30T04:10:49.689Z │ httpx        │ optional │    0.28.1    │ >=0.24.0    │ OK            │
2026-09-30T04:10:49.691Z │ unsloth      │ optional │      -       │ >=2024.8    │ not installed │
2026-09-30T04:10:49.691Z │ Pillow       │ optional │    11.3.0    │ >=9.0.0     │ OK            │
2026-09-30T04:10:49.693Z │ torchao      │ optional │      -       │ >=0.4.0     │ not installed │
2026-09-30T04:10:49.696Z │ sglang       │ optional │      -       │ >=0.2.0     │ not installed │
2026-09-30T04:10:49.696Z │ librosa      │ optional │    0.11.0    │ >=0.10.0    │ OK            │
2026-09-30T04:10:49.697Z │ torch        │ [train]  │ 2.11.0+cu128 │ >=2.6.0     │ OK            │
2026-09-30T04:10:49.699Z │ transformers │ [train]  │    5.16.1    │ >=5.16.1    │ OK            │
2026-09-30T04:10:49.700Z │ peft         │ [train]  │    0.20.0    │ >=0.20.0    │ OK            │
2026-09-30T04:10:49.701Z │ trl          │ [train]  │    0.29.1    │ >=0.29.0    │ OK            │
2026-09-30T04:10:49.703Z │ datasets     │ [train]  │    4.8.5     │ >=2.14.0    │ OK            │
2026-09-30T04:10:49.705Z │ bitsandbytes │ [train]  │    0.50.2    │ >=0.41.0    │ OK            │
2026-09-30T04:10:49.706Z │ accelerate   │ [train]  │    1.14.0    │ >=0.27.0    │ OK            │
2026-09-30T04:10:49.709Z └──────────────┴──────────┴──────────────┴─────────────┴───────────────┘
2026-09-30T04:10:49.710Z 
2026-09-30T04:10:49.711Z All checks passed! Your environment is ready.
2026-09-30T04:10:49.712Z 
2026-09-30T04:10:49.714Z GitHub: https://github.com/MakazhanAlpamys/Soup
2026-09-30T04:10:51.483Z [exit code 0]
