2026-09-30T04:17:58.000Z $ python verify_training.py --adapter out-dpo --out results/verify.json
2026-09-30T04:18:07.485Z Warning: You are sending unauthenticated requests to the HF Hub. Please set a HF_TOKEN to enable higher rate limits and faster downloads.
2026-09-30T04:18:13.742Z == A. weight checks (saved adapter on disk)
2026-09-30T04:18:14.025Z {
2026-09-30T04:18:14.030Z  "lora_B_tensors": 96,
2026-09-30T04:18:14.032Z  "expected_tensors": 96,
2026-09-30T04:18:14.036Z  "missing": [],
2026-09-30T04:18:14.037Z  "zero_B_tensors": [],
2026-09-30T04:18:14.040Z  "min_delta_rel": 0.0007933132583275437,
2026-09-30T04:18:14.042Z  "max_delta_rel": 0.0057494789361953735,
2026-09-30T04:18:14.046Z  "ref_adapter_is_zero": true
2026-09-30T04:18:14.046Z }
2026-09-30T04:18:14.051Z mean |dW|/|W| per layer: 0:2.87e-03 1:3.44e-03 2:3.56e-03 3:3.13e-03 4:3.10e-03 5:3.02e-03 6:3.04e-03 7:2.99e-03 8:2.88e-03 9:3.00e-03 10:3.07e-03 11:3.20e-03 12:3.32e-03 13:3.02e-03 14:2.91e-03 15:2.90e-03 16:2.97e-03 17:3.07e-03 18:2.83e-03 19:2.78e-03 20:2.75e-03 21:2.85e-03 22:2.74e-03 23:2.77e-03
2026-09-30T04:18:15.635Z == B/C. scoring train (100 pairs)
2026-09-30T04:19:10.358Z   trained  {"n": 100, "mean_margin": 1.9882040662765506, "mean_margin_ci95": [1.5866202573776247, 2.417914119720459], "accuracy": 0.85, "ties": 0, "sign_test_p": 4.825421503937196e-13}
2026-09-30T04:19:37.527Z   zero     {"n": 100, "mean_margin": 0.0, "mean_margin_ci95": [0.0, 0.0], "accuracy": 0.0, "ties": 100, "sign_test_p": 1.0}
2026-09-30T04:20:04.374Z   random   {"n": 100, "mean_margin": -0.015699969768524173, "mean_margin_ci95": [-0.02309374523162842, -0.008067684173583986], "accuracy": 0.36, "ties": 0, "sign_test_p": 0.006637120515926126}
2026-09-30T04:20:04.384Z   length confound: pearson(margin, len_c-len_r)=-0.514  acc|chosen shorter=0.96  acc|chosen longer=0.66
2026-09-30T04:20:04.385Z == B/C. scoring heldout (100 pairs)
2026-09-30T04:21:00.088Z   trained  {"n": 100, "mean_margin": 1.738744490146637, "mean_margin_ci95": [1.2891621165275575, 2.188144082546234], "accuracy": 0.85, "ties": 0, "sign_test_p": 4.825421503937196e-13}
2026-09-30T04:21:27.909Z   zero     {"n": 100, "mean_margin": 0.0, "mean_margin_ci95": [0.0, 0.0], "accuracy": 0.0, "ties": 100, "sign_test_p": 1.0}
2026-09-30T04:21:55.902Z   random   {"n": 100, "mean_margin": -0.007781396389007569, "mean_margin_ci95": [-0.015127028942108154, -0.0006268844604492187], "accuracy": 0.45, "ties": 0, "sign_test_p": 0.36820161732669626}
2026-09-30T04:21:55.916Z   length confound: pearson(margin, len_c-len_r)=-0.364  acc|chosen shorter=0.95  acc|chosen longer=0.59
2026-09-30T04:21:55.917Z == verdict
2026-09-30T04:21:55.917Z {
2026-09-30T04:21:55.920Z  "run_is_real": true,
2026-09-30T04:21:55.920Z  "generalises": true,
2026-09-30T04:21:55.921Z  "checks": {
2026-09-30T04:21:55.924Z   "every_target_module_has_nonzero_B": true,
2026-09-30T04:21:55.924Z   "ref_adapter_is_identity": true,
2026-09-30T04:21:55.925Z   "zero_control_margin_is_zero": true,
2026-09-30T04:21:55.925Z   "learned_train_pairs": true,
2026-09-30T04:21:55.926Z   "beats_random_control_on_train": true,
2026-09-30T04:21:55.928Z   "generalises_heldout": true
2026-09-30T04:21:55.928Z  }
2026-09-30T04:21:55.931Z }
2026-09-30T04:21:57.873Z [exit code 0]
